[0.015s] Invoking command in '/home/pulung/projects/mappingbot/build/mappingbot': DEBUGINFOD_URLS=https://debuginfod.ubuntu.com /usr/bin/cmake /home/pulung/projects/mappingbot/src -DBUILD_TESTING=OFF -DCMAKE_INSTALL_PREFIX=/home/pulung/projects/mappingbot/install/mappingbot
[0.052s] -- Found ament_cmake: 2.8.8 (/opt/ros/lyrical/share/ament_cmake/cmake)
[1.041s] Traceback (most recent call last):
[1.041s]   File "/opt/ros/lyrical/share/ament_cmake_core/cmake/package_templates/templates_2_cmake.py", line 21, in <module>
[1.042s]     from ament_package.templates import get_environment_hook_template_path
[1.042s] ModuleNotFoundError: No module named 'ament_package'
[1.074s] [31mCMake Error at /opt/ros/lyrical/share/ament_cmake_core/cmake/ament_cmake_package_templates-extras.cmake:41 (message):
[1.074s]   execute_process(/usr/bin/python3
[1.074s]   /opt/ros/lyrical/share/ament_cmake_core/cmake/package_templates/templates_2_cmake.py
[1.074s]   /home/pulung/projects/mappingbot/build/mappingbot/ament_cmake_package_templates/templates.cmake)
[1.074s]   returned error code 1
[1.075s] Call Stack (most recent call first):
[1.075s]   /opt/ros/lyrical/share/ament_cmake_core/cmake/ament_cmake_coreConfig.cmake:41 (include)
[1.075s]   /opt/ros/lyrical/share/ament_cmake/cmake/ament_cmake_export_dependencies-extras.cmake:15 (find_package)
[1.075s]   /opt/ros/lyrical/share/ament_cmake/cmake/ament_cmakeConfig.cmake:41 (include)
[1.075s]   CMakeLists.txt:19 (find_package)
[1.075s] 
[1.075s] [0m
[1.075s] -- Configuring incomplete, errors occurred!
[1.080s] Invoked command in '/home/pulung/projects/mappingbot/build/mappingbot' returned '1': DEBUGINFOD_URLS=https://debuginfod.ubuntu.com /usr/bin/cmake /home/pulung/projects/mappingbot/src -DBUILD_TESTING=OFF -DCMAKE_INSTALL_PREFIX=/home/pulung/projects/mappingbot/install/mappingbot
