-- Found ament_cmake: 2.8.8 (/opt/ros/lyrical/share/ament_cmake/cmake)
-- Override CMake install command with custom implementation using symlinks instead of copying resources
-- Found ament_lint_auto: 0.20.6 (/opt/ros/lyrical/share/ament_lint_auto/cmake)
-- Added test 'copyright' to check source files copyright and LICENSE
-- Added test 'flake8' to check Python code syntax and style conventions
-- Configured 'flake8' exclude dirs and/or files: 
-- Added test 'lint_cmake' to check CMake code style
-- Added test 'pep257' to check Python code against some of the docstring style conventions in PEP 257
-- Added test 'xmllint' to check XML markup files
-- Configuring done (0.8s)
-- Generating done (0.0s)
-- Build files have been written to: /home/pulung/projects/mappingbot/build/mappingbot
-- Install configuration: ""
-- Execute custom install script
-- Symlinking: /home/pulung/projects/mappingbot/install/mappingbot/share/mappingbot/config/drive_bot.rviz
-- Symlinking: /home/pulung/projects/mappingbot/install/mappingbot/share/mappingbot/config/empty.yaml
-- Symlinking: /home/pulung/projects/mappingbot/install/mappingbot/share/mappingbot/config/gaz_ros2_ctl_use_sim.yaml
-- Symlinking: /home/pulung/projects/mappingbot/install/mappingbot/share/mappingbot/config/gazebo_params.yaml
-- Symlinking: /home/pulung/projects/mappingbot/install/mappingbot/share/mappingbot/config/joystick.yaml
-- Symlinking: /home/pulung/projects/mappingbot/install/mappingbot/share/mappingbot/config/mapper_params_online_async.yaml
-- Symlinking: /home/pulung/projects/mappingbot/install/mappingbot/share/mappingbot/config/my_controllers.yaml
-- Symlinking: /home/pulung/projects/mappingbot/install/mappingbot/share/mappingbot/config/nav2_params.yaml
-- Symlinking: /home/pulung/projects/mappingbot/install/mappingbot/share/mappingbot/config/ros_gz_bridge.yaml
-- Symlinking: /home/pulung/projects/mappingbot/install/mappingbot/share/mappingbot/config/twist_mux.yaml
-- Symlinking: /home/pulung/projects/mappingbot/install/mappingbot/share/mappingbot/config/view_bot.rviz
-- Symlinking: /home/pulung/projects/mappingbot/install/mappingbot/share/mappingbot/description/gazebo_control.xacro
-- Symlinking: /home/pulung/projects/mappingbot/install/mappingbot/share/mappingbot/description/inertial_macros.xacro
-- Symlinking: /home/pulung/projects/mappingbot/install/mappingbot/share/mappingbot/description/lidar.xacro
-- Symlinking: /home/pulung/projects/mappingbot/install/mappingbot/share/mappingbot/description/robot.urdf.xacro
-- Symlinking: /home/pulung/projects/mappingbot/install/mappingbot/share/mappingbot/description/robot_core.xacro
-- Symlinking: /home/pulung/projects/mappingbot/install/mappingbot/share/mappingbot/description/ros2_control.xacro
-- Symlinking: /home/pulung/projects/mappingbot/install/mappingbot/share/mappingbot/launch/joystick.launch.py
-- Symlinking: /home/pulung/projects/mappingbot/install/mappingbot/share/mappingbot/launch/launch_mappingbot.launch.py
-- Symlinking: /home/pulung/projects/mappingbot/install/mappingbot/share/mappingbot/launch/launch_sim.launch.py
-- Symlinking: /home/pulung/projects/mappingbot/install/mappingbot/share/mappingbot/launch/localization_launch.py
-- Symlinking: /home/pulung/projects/mappingbot/install/mappingbot/share/mappingbot/launch/navigation_launch.py
-- Symlinking: /home/pulung/projects/mappingbot/install/mappingbot/share/mappingbot/launch/online_async_launch.py
-- Symlinking: /home/pulung/projects/mappingbot/install/mappingbot/share/mappingbot/launch/rsp.launch.py
-- Symlinking: /home/pulung/projects/mappingbot/install/mappingbot/share/mappingbot/worlds/empty.world
-- Symlinking: /home/pulung/projects/mappingbot/install/mappingbot/share/mappingbot/worlds/obstacles.world
-- Symlinking: /home/pulung/projects/mappingbot/install/mappingbot/share/mappingbot/worlds/obstacleswall.world
-- Symlinking: /home/pulung/projects/mappingbot/install/mappingbot/share/ament_index/resource_index/package_run_dependencies/mappingbot
-- Symlinking: /home/pulung/projects/mappingbot/install/mappingbot/share/ament_index/resource_index/parent_prefix_path/mappingbot
-- Symlinking: /home/pulung/projects/mappingbot/install/mappingbot/share/mappingbot/environment/ament_prefix_path.sh
-- Symlinking: /home/pulung/projects/mappingbot/install/mappingbot/share/mappingbot/environment/ament_prefix_path.dsv
-- Symlinking: /home/pulung/projects/mappingbot/install/mappingbot/share/mappingbot/environment/path.sh
-- Symlinking: /home/pulung/projects/mappingbot/install/mappingbot/share/mappingbot/environment/path.dsv
-- Symlinking: /home/pulung/projects/mappingbot/install/mappingbot/share/mappingbot/local_setup.bash
-- Symlinking: /home/pulung/projects/mappingbot/install/mappingbot/share/mappingbot/local_setup.fish
-- Symlinking: /home/pulung/projects/mappingbot/install/mappingbot/share/mappingbot/local_setup.sh
-- Symlinking: /home/pulung/projects/mappingbot/install/mappingbot/share/mappingbot/local_setup.zsh
-- Symlinking: /home/pulung/projects/mappingbot/install/mappingbot/share/mappingbot/local_setup.dsv
-- Symlinking: /home/pulung/projects/mappingbot/install/mappingbot/share/mappingbot/package.dsv
-- Symlinking: /home/pulung/projects/mappingbot/install/mappingbot/share/ament_index/resource_index/packages/mappingbot
-- Symlinking: /home/pulung/projects/mappingbot/install/mappingbot/share/mappingbot/cmake/mappingbotConfig.cmake
-- Symlinking: /home/pulung/projects/mappingbot/install/mappingbot/share/mappingbot/cmake/mappingbotConfig-version.cmake
-- Symlinking: /home/pulung/projects/mappingbot/install/mappingbot/share/mappingbot/package.xml
