[0.019s] Invoking command in '/home/pulung/projects/mappingbot/build/mappingbot': CMAKE_PREFIX_PATH=${CMAKE_PREFIX_PATH}:/home/pulung/nav2_ws/install/nav2_simple_commander:/opt/ros/lyrical DEBUGINFOD_URLS=https://debuginfod.ubuntu.com /usr/bin/cmake --build /home/pulung/projects/mappingbot/build/mappingbot -- -j16 -l16
[0.052s] -- Found ament_cmake: 2.8.8 (/opt/ros/lyrical/share/ament_cmake/cmake)
[0.159s] -- Override CMake install command with custom implementation using symlinks instead of copying resources
[0.263s] -- Configuring done (0.2s)
[0.268s] -- Generating done (0.0s)
[0.269s] -- Build files have been written to: /home/pulung/projects/mappingbot/build/mappingbot
[0.303s] Invoked command in '/home/pulung/projects/mappingbot/build/mappingbot' returned '0': CMAKE_PREFIX_PATH=${CMAKE_PREFIX_PATH}:/home/pulung/nav2_ws/install/nav2_simple_commander:/opt/ros/lyrical DEBUGINFOD_URLS=https://debuginfod.ubuntu.com /usr/bin/cmake --build /home/pulung/projects/mappingbot/build/mappingbot -- -j16 -l16
[0.318s] Invoking command in '/home/pulung/projects/mappingbot/build/mappingbot': CMAKE_PREFIX_PATH=${CMAKE_PREFIX_PATH}:/home/pulung/nav2_ws/install/nav2_simple_commander:/opt/ros/lyrical DEBUGINFOD_URLS=https://debuginfod.ubuntu.com /usr/bin/cmake --install /home/pulung/projects/mappingbot/build/mappingbot
[0.330s] -- Install configuration: ""
[0.331s] -- Execute custom install script
[0.331s] -- Up-to-date symlink: /home/pulung/projects/mappingbot/install/mappingbot/share/mappingbot/config/drive_bot.rviz
[0.331s] -- Up-to-date symlink: /home/pulung/projects/mappingbot/install/mappingbot/share/mappingbot/config/empty.yaml
[0.331s] -- Up-to-date symlink: /home/pulung/projects/mappingbot/install/mappingbot/share/mappingbot/config/gaz_ros2_ctl_use_sim.yaml
[0.331s] -- Up-to-date symlink: /home/pulung/projects/mappingbot/install/mappingbot/share/mappingbot/config/gazebo_params.yaml
[0.331s] -- Up-to-date symlink: /home/pulung/projects/mappingbot/install/mappingbot/share/mappingbot/config/joystick.yaml
[0.331s] -- Up-to-date symlink: /home/pulung/projects/mappingbot/install/mappingbot/share/mappingbot/config/mapper_params_online_async.yaml
[0.332s] -- Up-to-date symlink: /home/pulung/projects/mappingbot/install/mappingbot/share/mappingbot/config/my_controllers.yaml
[0.332s] -- Up-to-date symlink: /home/pulung/projects/mappingbot/install/mappingbot/share/mappingbot/config/nav2_params.yaml
[0.332s] -- Up-to-date symlink: /home/pulung/projects/mappingbot/install/mappingbot/share/mappingbot/config/ros_gz_bridge.yaml
[0.332s] -- Up-to-date symlink: /home/pulung/projects/mappingbot/install/mappingbot/share/mappingbot/config/twist_mux.yaml
[0.332s] -- Up-to-date symlink: /home/pulung/projects/mappingbot/install/mappingbot/share/mappingbot/config/view_bot.rviz
[0.332s] -- Up-to-date symlink: /home/pulung/projects/mappingbot/install/mappingbot/share/mappingbot/description/gazebo_control.xacro
[0.332s] -- Up-to-date symlink: /home/pulung/projects/mappingbot/install/mappingbot/share/mappingbot/description/inertial_macros.xacro
[0.332s] -- Up-to-date symlink: /home/pulung/projects/mappingbot/install/mappingbot/share/mappingbot/description/lidar.xacro
[0.332s] -- Up-to-date symlink: /home/pulung/projects/mappingbot/install/mappingbot/share/mappingbot/description/robot.urdf.xacro
[0.332s] -- Up-to-date symlink: /home/pulung/projects/mappingbot/install/mappingbot/share/mappingbot/description/robot_core.xacro
[0.332s] -- Up-to-date symlink: /home/pulung/projects/mappingbot/install/mappingbot/share/mappingbot/description/ros2_control.xacro
[0.333s] -- Up-to-date symlink: /home/pulung/projects/mappingbot/install/mappingbot/share/mappingbot/launch/__pycache__/joystick.launch.cpython-314.pyc
[0.333s] -- Up-to-date symlink: /home/pulung/projects/mappingbot/install/mappingbot/share/mappingbot/launch/__pycache__/keyboard_teleop.launch.cpython-314.pyc
[0.333s] -- Up-to-date symlink: /home/pulung/projects/mappingbot/install/mappingbot/share/mappingbot/launch/__pycache__/launch_mappingbot.launch.cpython-314.pyc
[0.333s] -- Up-to-date symlink: /home/pulung/projects/mappingbot/install/mappingbot/share/mappingbot/launch/__pycache__/launch_sim.launch.cpython-314.pyc
[0.333s] -- Up-to-date symlink: /home/pulung/projects/mappingbot/install/mappingbot/share/mappingbot/launch/__pycache__/localization_launch.cpython-314.pyc
[0.333s] -- Up-to-date symlink: /home/pulung/projects/mappingbot/install/mappingbot/share/mappingbot/launch/__pycache__/navigation.launch.cpython-314.pyc
[0.333s] -- Up-to-date symlink: /home/pulung/projects/mappingbot/install/mappingbot/share/mappingbot/launch/__pycache__/navigation_launch.cpython-314.pyc
[0.333s] -- Up-to-date symlink: /home/pulung/projects/mappingbot/install/mappingbot/share/mappingbot/launch/__pycache__/online_async_launch.cpython-314.pyc
[0.333s] -- Up-to-date symlink: /home/pulung/projects/mappingbot/install/mappingbot/share/mappingbot/launch/__pycache__/rsp.launch.cpython-314.pyc
[0.333s] -- Up-to-date symlink: /home/pulung/projects/mappingbot/install/mappingbot/share/mappingbot/launch/__pycache__/sim_nav_teleop.launch.cpython-314.pyc
[0.333s] -- Up-to-date symlink: /home/pulung/projects/mappingbot/install/mappingbot/share/mappingbot/launch/__pycache__/simulation.launch.cpython-314.pyc
[0.334s] -- Up-to-date symlink: /home/pulung/projects/mappingbot/install/mappingbot/share/mappingbot/launch/__pycache__/slam.launch.cpython-314.pyc
[0.334s] -- Symlinking: /home/pulung/projects/mappingbot/install/mappingbot/share/mappingbot/launch/__pycache__/teleop.launch.cpython-314.pyc
[0.349s] -- Up-to-date symlink: /home/pulung/projects/mappingbot/install/mappingbot/share/mappingbot/launch/joystick.launch.py
[0.349s] -- Up-to-date symlink: /home/pulung/projects/mappingbot/install/mappingbot/share/mappingbot/launch/launch_mappingbot.launch.py
[0.349s] -- Up-to-date symlink: /home/pulung/projects/mappingbot/install/mappingbot/share/mappingbot/launch/localization_launch.py
[0.349s] -- Up-to-date symlink: /home/pulung/projects/mappingbot/install/mappingbot/share/mappingbot/launch/navigation.launch.py
[0.350s] -- Up-to-date symlink: /home/pulung/projects/mappingbot/install/mappingbot/share/mappingbot/launch/navigation_launch.py
[0.350s] -- Up-to-date symlink: /home/pulung/projects/mappingbot/install/mappingbot/share/mappingbot/launch/online_async_launch.py
[0.350s] -- Up-to-date symlink: /home/pulung/projects/mappingbot/install/mappingbot/share/mappingbot/launch/rsp.launch.py
[0.350s] -- Up-to-date symlink: /home/pulung/projects/mappingbot/install/mappingbot/share/mappingbot/launch/simulation.launch.py
[0.350s] -- Up-to-date symlink: /home/pulung/projects/mappingbot/install/mappingbot/share/mappingbot/launch/slam.launch.py
[0.350s] -- Up-to-date symlink: /home/pulung/projects/mappingbot/install/mappingbot/share/mappingbot/launch/teleop.launch.py
[0.350s] -- Up-to-date symlink: /home/pulung/projects/mappingbot/install/mappingbot/share/mappingbot/worlds/empty.world
[0.350s] -- Up-to-date symlink: /home/pulung/projects/mappingbot/install/mappingbot/share/mappingbot/worlds/mappingbot_obstacles.world
[0.350s] -- Up-to-date symlink: /home/pulung/projects/mappingbot/install/mappingbot/share/mappingbot/worlds/obstacles.world
[0.351s] -- Up-to-date symlink: /home/pulung/projects/mappingbot/install/mappingbot/share/mappingbot/worlds/obstacleswall.world
[0.351s] -- Symlinking: /home/pulung/projects/mappingbot/install/mappingbot/lib/mappingbot/teleop_keyboard.sh
[0.366s] -- Up-to-date symlink: /home/pulung/projects/mappingbot/install/mappingbot/share/ament_index/resource_index/package_run_dependencies/mappingbot
[0.366s] -- Up-to-date symlink: /home/pulung/projects/mappingbot/install/mappingbot/share/ament_index/resource_index/parent_prefix_path/mappingbot
[0.367s] -- Up-to-date symlink: /home/pulung/projects/mappingbot/install/mappingbot/share/mappingbot/environment/ament_prefix_path.sh
[0.367s] -- Up-to-date symlink: /home/pulung/projects/mappingbot/install/mappingbot/share/mappingbot/environment/ament_prefix_path.dsv
[0.367s] -- Up-to-date symlink: /home/pulung/projects/mappingbot/install/mappingbot/share/mappingbot/environment/path.sh
[0.367s] -- Up-to-date symlink: /home/pulung/projects/mappingbot/install/mappingbot/share/mappingbot/environment/path.dsv
[0.367s] -- Up-to-date symlink: /home/pulung/projects/mappingbot/install/mappingbot/share/mappingbot/local_setup.bash
[0.368s] -- Up-to-date symlink: /home/pulung/projects/mappingbot/install/mappingbot/share/mappingbot/local_setup.fish
[0.368s] -- Up-to-date symlink: /home/pulung/projects/mappingbot/install/mappingbot/share/mappingbot/local_setup.sh
[0.368s] -- Up-to-date symlink: /home/pulung/projects/mappingbot/install/mappingbot/share/mappingbot/local_setup.zsh
[0.368s] -- Up-to-date symlink: /home/pulung/projects/mappingbot/install/mappingbot/share/mappingbot/local_setup.dsv
[0.368s] -- Symlinking: /home/pulung/projects/mappingbot/install/mappingbot/share/mappingbot/package.dsv
[0.383s] -- Up-to-date symlink: /home/pulung/projects/mappingbot/install/mappingbot/share/ament_index/resource_index/packages/mappingbot
[0.383s] -- Up-to-date symlink: /home/pulung/projects/mappingbot/install/mappingbot/share/mappingbot/cmake/mappingbotConfig.cmake
[0.383s] -- Up-to-date symlink: /home/pulung/projects/mappingbot/install/mappingbot/share/mappingbot/cmake/mappingbotConfig-version.cmake
[0.383s] -- Up-to-date symlink: /home/pulung/projects/mappingbot/install/mappingbot/share/mappingbot/package.xml
[0.386s] Invoked command in '/home/pulung/projects/mappingbot/build/mappingbot' returned '0': CMAKE_PREFIX_PATH=${CMAKE_PREFIX_PATH}:/home/pulung/nav2_ws/install/nav2_simple_commander:/opt/ros/lyrical DEBUGINFOD_URLS=https://debuginfod.ubuntu.com /usr/bin/cmake --install /home/pulung/projects/mappingbot/build/mappingbot
