[0.017s] Invoking command in '/home/pulung/projects/mappingbot/build/mappingbot': CMAKE_PREFIX_PATH=${CMAKE_PREFIX_PATH}:/home/pulung/nav2_ws/install/nav2_simple_commander:/opt/ros/lyrical DEBUGINFOD_URLS=https://debuginfod.ubuntu.com /usr/bin/cmake /home/pulung/projects/mappingbot/src -DCMAKE_INSTALL_PREFIX=/home/pulung/projects/mappingbot/install/mappingbot
[0.034s] CMake Deprecation Warning at CMakeLists.txt:1 (cmake_minimum_required):
[0.034s]   Compatibility with CMake < 3.10 will be removed from a future version of
[0.035s]   CMake.
[0.035s] 
[0.035s]   Update the VERSION argument <min> value.  Or, use the <min>...<max> syntax
[0.035s]   to tell CMake that the project requires at least <min> but has been updated
[0.035s]   to work with policies introduced by <max> or earlier.
[0.035s] 
[0.035s] 
[0.052s] -- Found ament_cmake: 2.8.8 (/opt/ros/lyrical/share/ament_cmake/cmake)
[0.140s] -- Override CMake install command with custom implementation using symlinks instead of copying resources
[0.230s] -- Configuring done (0.2s)
[0.235s] -- Generating done (0.0s)
[0.236s] -- Build files have been written to: /home/pulung/projects/mappingbot/build/mappingbot
[0.239s] Invoked command in '/home/pulung/projects/mappingbot/build/mappingbot' returned '0': CMAKE_PREFIX_PATH=${CMAKE_PREFIX_PATH}:/home/pulung/nav2_ws/install/nav2_simple_commander:/opt/ros/lyrical DEBUGINFOD_URLS=https://debuginfod.ubuntu.com /usr/bin/cmake /home/pulung/projects/mappingbot/src -DCMAKE_INSTALL_PREFIX=/home/pulung/projects/mappingbot/install/mappingbot
[0.241s] Invoking command in '/home/pulung/projects/mappingbot/build/mappingbot': CMAKE_PREFIX_PATH=${CMAKE_PREFIX_PATH}:/home/pulung/nav2_ws/install/nav2_simple_commander:/opt/ros/lyrical DEBUGINFOD_URLS=https://debuginfod.ubuntu.com /usr/bin/cmake --build /home/pulung/projects/mappingbot/build/mappingbot -- -j16 -l16
[0.300s] Invoked command in '/home/pulung/projects/mappingbot/build/mappingbot' returned '0': CMAKE_PREFIX_PATH=${CMAKE_PREFIX_PATH}:/home/pulung/nav2_ws/install/nav2_simple_commander:/opt/ros/lyrical DEBUGINFOD_URLS=https://debuginfod.ubuntu.com /usr/bin/cmake --build /home/pulung/projects/mappingbot/build/mappingbot -- -j16 -l16
[0.315s] Invoking command in '/home/pulung/projects/mappingbot/build/mappingbot': CMAKE_PREFIX_PATH=${CMAKE_PREFIX_PATH}:/home/pulung/nav2_ws/install/nav2_simple_commander:/opt/ros/lyrical DEBUGINFOD_URLS=https://debuginfod.ubuntu.com /usr/bin/cmake --install /home/pulung/projects/mappingbot/build/mappingbot
[0.327s] -- Install configuration: ""
[0.327s] -- Execute custom install script
[0.327s] -- Up-to-date symlink: /home/pulung/projects/mappingbot/install/mappingbot/share/mappingbot/config/drive_bot.rviz
[0.327s] -- Up-to-date symlink: /home/pulung/projects/mappingbot/install/mappingbot/share/mappingbot/config/empty.yaml
[0.328s] -- Up-to-date symlink: /home/pulung/projects/mappingbot/install/mappingbot/share/mappingbot/config/gaz_ros2_ctl_use_sim.yaml
[0.328s] -- Up-to-date symlink: /home/pulung/projects/mappingbot/install/mappingbot/share/mappingbot/config/gazebo_params.yaml
[0.328s] -- Up-to-date symlink: /home/pulung/projects/mappingbot/install/mappingbot/share/mappingbot/config/joystick.yaml
[0.328s] -- Up-to-date symlink: /home/pulung/projects/mappingbot/install/mappingbot/share/mappingbot/config/mapper_params_online_async.yaml
[0.328s] -- Up-to-date symlink: /home/pulung/projects/mappingbot/install/mappingbot/share/mappingbot/config/my_controllers.yaml
[0.328s] -- Up-to-date symlink: /home/pulung/projects/mappingbot/install/mappingbot/share/mappingbot/config/nav2_params.yaml
[0.328s] -- Up-to-date symlink: /home/pulung/projects/mappingbot/install/mappingbot/share/mappingbot/config/ros_gz_bridge.yaml
[0.328s] -- Up-to-date symlink: /home/pulung/projects/mappingbot/install/mappingbot/share/mappingbot/config/twist_mux.yaml
[0.328s] -- Up-to-date symlink: /home/pulung/projects/mappingbot/install/mappingbot/share/mappingbot/config/view_bot.rviz
[0.329s] -- Up-to-date symlink: /home/pulung/projects/mappingbot/install/mappingbot/share/mappingbot/description/gazebo_control.xacro
[0.329s] -- Up-to-date symlink: /home/pulung/projects/mappingbot/install/mappingbot/share/mappingbot/description/inertial_macros.xacro
[0.329s] -- Up-to-date symlink: /home/pulung/projects/mappingbot/install/mappingbot/share/mappingbot/description/lidar.xacro
[0.329s] -- Up-to-date symlink: /home/pulung/projects/mappingbot/install/mappingbot/share/mappingbot/description/robot.urdf.xacro
[0.329s] -- Up-to-date symlink: /home/pulung/projects/mappingbot/install/mappingbot/share/mappingbot/description/robot_core.xacro
[0.330s] -- Up-to-date symlink: /home/pulung/projects/mappingbot/install/mappingbot/share/mappingbot/description/ros2_control.xacro
[0.330s] -- Up-to-date symlink: /home/pulung/projects/mappingbot/install/mappingbot/share/mappingbot/launch/joystick.launch.py
[0.330s] -- Up-to-date symlink: /home/pulung/projects/mappingbot/install/mappingbot/share/mappingbot/launch/launch_mappingbot.launch.py
[0.330s] -- Up-to-date symlink: /home/pulung/projects/mappingbot/install/mappingbot/share/mappingbot/launch/launch_sim.launch.py
[0.330s] -- Up-to-date symlink: /home/pulung/projects/mappingbot/install/mappingbot/share/mappingbot/launch/localization_launch.py
[0.330s] -- Up-to-date symlink: /home/pulung/projects/mappingbot/install/mappingbot/share/mappingbot/launch/navigation_launch.py
[0.330s] -- Up-to-date symlink: /home/pulung/projects/mappingbot/install/mappingbot/share/mappingbot/launch/online_async_launch.py
[0.330s] -- Up-to-date symlink: /home/pulung/projects/mappingbot/install/mappingbot/share/mappingbot/launch/rsp.launch.py
[0.330s] -- Symlinking: /home/pulung/projects/mappingbot/install/mappingbot/share/mappingbot/launch/unified_sim.launch.py
[0.344s] -- Symlinking: /home/pulung/projects/mappingbot/install/mappingbot/share/mappingbot/worlds/empty.sdf
[0.357s] -- Up-to-date symlink: /home/pulung/projects/mappingbot/install/mappingbot/share/mappingbot/worlds/empty.world
[0.358s] -- Up-to-date symlink: /home/pulung/projects/mappingbot/install/mappingbot/share/mappingbot/worlds/obstacles.world
[0.358s] -- Up-to-date symlink: /home/pulung/projects/mappingbot/install/mappingbot/share/mappingbot/worlds/obstacleswall.world
[0.358s] -- Up-to-date symlink: /home/pulung/projects/mappingbot/install/mappingbot/share/ament_index/resource_index/package_run_dependencies/mappingbot
[0.358s] -- Up-to-date symlink: /home/pulung/projects/mappingbot/install/mappingbot/share/ament_index/resource_index/parent_prefix_path/mappingbot
[0.358s] -- Up-to-date symlink: /home/pulung/projects/mappingbot/install/mappingbot/share/mappingbot/environment/ament_prefix_path.sh
[0.358s] -- Up-to-date symlink: /home/pulung/projects/mappingbot/install/mappingbot/share/mappingbot/environment/ament_prefix_path.dsv
[0.358s] -- Up-to-date symlink: /home/pulung/projects/mappingbot/install/mappingbot/share/mappingbot/environment/path.sh
[0.358s] -- Up-to-date symlink: /home/pulung/projects/mappingbot/install/mappingbot/share/mappingbot/environment/path.dsv
[0.358s] -- Up-to-date symlink: /home/pulung/projects/mappingbot/install/mappingbot/share/mappingbot/local_setup.bash
[0.359s] -- Up-to-date symlink: /home/pulung/projects/mappingbot/install/mappingbot/share/mappingbot/local_setup.fish
[0.359s] -- Up-to-date symlink: /home/pulung/projects/mappingbot/install/mappingbot/share/mappingbot/local_setup.sh
[0.359s] -- Up-to-date symlink: /home/pulung/projects/mappingbot/install/mappingbot/share/mappingbot/local_setup.zsh
[0.359s] -- Up-to-date symlink: /home/pulung/projects/mappingbot/install/mappingbot/share/mappingbot/local_setup.dsv
[0.359s] -- Symlinking: /home/pulung/projects/mappingbot/install/mappingbot/share/mappingbot/package.dsv
[0.375s] -- Up-to-date symlink: /home/pulung/projects/mappingbot/install/mappingbot/share/ament_index/resource_index/packages/mappingbot
[0.375s] -- Up-to-date symlink: /home/pulung/projects/mappingbot/install/mappingbot/share/mappingbot/cmake/mappingbotConfig.cmake
[0.375s] -- Up-to-date symlink: /home/pulung/projects/mappingbot/install/mappingbot/share/mappingbot/cmake/mappingbotConfig-version.cmake
[0.375s] -- Up-to-date symlink: /home/pulung/projects/mappingbot/install/mappingbot/share/mappingbot/package.xml
[0.378s] Invoked command in '/home/pulung/projects/mappingbot/build/mappingbot' returned '0': CMAKE_PREFIX_PATH=${CMAKE_PREFIX_PATH}:/home/pulung/nav2_ws/install/nav2_simple_commander:/opt/ros/lyrical DEBUGINFOD_URLS=https://debuginfod.ubuntu.com /usr/bin/cmake --install /home/pulung/projects/mappingbot/build/mappingbot
